Traceback (most recent call last):
  File "/Users/gareth/miniconda3/envs/env_lisa_premerger_sangria/lib/python3.11/site-packages/jupyter_cache/executors/utils.py", line 58, in single_nb_execution
    executenb(
  File "/Users/gareth/miniconda3/envs/env_lisa_premerger_sangria/lib/python3.11/site-packages/nbclient/client.py", line 1323, in execute
    return NotebookClient(nb=nb, resources=resources, km=km, **kwargs).execute()
           ^^^^^^^^^^^^^^^^^^^^^^^^^^^^^^^^^^^^^^^^^^^^^^^^^^^^^^^^^^^^^^^^^^^^^
  File "/Users/gareth/miniconda3/envs/env_lisa_premerger_sangria/lib/python3.11/site-packages/jupyter_core/utils/__init__.py", line 165, in wrapped
    return loop.run_until_complete(inner)
           ^^^^^^^^^^^^^^^^^^^^^^^^^^^^^^
  File "/Users/gareth/miniconda3/envs/env_lisa_premerger_sangria/lib/python3.11/asyncio/base_events.py", line 654, in run_until_complete
    return future.result()
           ^^^^^^^^^^^^^^^
  File "/Users/gareth/miniconda3/envs/env_lisa_premerger_sangria/lib/python3.11/site-packages/nbclient/client.py", line 709, in async_execute
    await self.async_execute_cell(
  File "/Users/gareth/miniconda3/envs/env_lisa_premerger_sangria/lib/python3.11/site-packages/nbclient/client.py", line 1062, in async_execute_cell
    await self._check_raise_for_error(cell, cell_index, exec_reply)
  File "/Users/gareth/miniconda3/envs/env_lisa_premerger_sangria/lib/python3.11/site-packages/nbclient/client.py", line 918, in _check_raise_for_error
    raise CellExecutionError.from_cell_and_msg(cell, exec_reply_content)
nbclient.exceptions.CellExecutionError: An error occurred while executing the following cell:
------------------
ff_results = {
    'optimal_snr': {},
    'match_cut': {
        signal_number: {}
        for signal_number in range(len(mbhb_sky))
    },
}
with h5py.File('results/optimal_snr_over_time.hdf', 'r') as osot_f:
    ff_results['cutoff_days'] = osot_f['cutoff_days'][:]
    ff_results['optimal_snr'] = {
        signal_number: osot_f[f'signal_{signal_number}']['optimal_snr'][:]
        for signal_number in range(len(mbhb_sky))
        if f'signal_{signal_number}' in osot_f
    }

    for signal_number in range(len(mbhb_sky)):
        if f'signal_{signal_number}' not in osot_f:
            continue
        for premerger_day in premerger_days:
            ff_results['match_cut'][signal_number][premerger_day] = \
                osot_f[f'signal_{signal_number}'][f'match_cut_{premerger_day}_days'][:]

------------------


[31m---------------------------------------------------------------------------[39m
[31mOSError[39m                                   Traceback (most recent call last)
[36mCell[39m[36m [39m[32mIn[4][39m[32m, line 8[39m
[32m      1[39m ff_results = {
[32m      2[39m     [33m'[39m[33moptimal_snr[39m[33m'[39m: {},
[32m      3[39m     [33m'[39m[33mmatch_cut[39m[33m'[39m: {
[32m   (...)[39m[32m      6[39m     },
[32m      7[39m }
[32m----> [39m[32m8[39m [38;5;28;01mwith[39;00m [43mh5py[49m[43m.[49m[43mFile[49m[43m([49m[33;43m'[39;49m[33;43mresults/optimal_snr_over_time.hdf[39;49m[33;43m'[39;49m[43m,[49m[43m [49m[33;43m'[39;49m[33;43mr[39;49m[33;43m'[39;49m[43m)[49m [38;5;28;01mas[39;00m osot_f:
[32m      9[39m     ff_results[[33m'[39m[33mcutoff_days[39m[33m'[39m] = osot_f[[33m'[39m[33mcutoff_days[39m[33m'[39m][:]
[32m     10[39m     ff_results[[33m'[39m[33moptimal_snr[39m[33m'[39m] = {
[32m     11[39m         signal_number: osot_f[[33mf[39m[33m'[39m[33msignal_[39m[38;5;132;01m{[39;00msignal_number[38;5;132;01m}[39;00m[33m'[39m][[33m'[39m[33moptimal_snr[39m[33m'[39m][:]
[32m     12[39m         [38;5;28;01mfor[39;00m signal_number [38;5;129;01min[39;00m [38;5;28mrange[39m([38;5;28mlen[39m(mbhb_sky))
[32m     13[39m         [38;5;28;01mif[39;00m [33mf[39m[33m'[39m[33msignal_[39m[38;5;132;01m{[39;00msignal_number[38;5;132;01m}[39;00m[33m'[39m [38;5;129;01min[39;00m osot_f
[32m     14[39m     }

[36mFile [39m[32m~/miniconda3/envs/env_lisa_premerger_sangria/lib/python3.11/site-packages/h5py/_hl/files.py:566[39m, in [36mFile.__init__[39m[34m(self, name, mode, driver, libver, userblock_size, swmr, rdcc_nslots, rdcc_nbytes, rdcc_w0, track_order, fs_strategy, fs_persist, fs_threshold, fs_page_size, page_buf_size, min_meta_keep, min_raw_keep, locking, alignment_threshold, alignment_interval, meta_block_size, track_times, **kwds)[39m
[32m    557[39m     fapl = make_fapl(driver, libver, rdcc_nslots, rdcc_nbytes, rdcc_w0,
[32m    558[39m                      locking, page_buf_size, min_meta_keep, min_raw_keep,
[32m    559[39m                      alignment_threshold=alignment_threshold,
[32m    560[39m                      alignment_interval=alignment_interval,
[32m    561[39m                      meta_block_size=meta_block_size,
[32m    562[39m                      **kwds)
[32m    563[39m     fcpl = make_fcpl(track_order=track_order, track_times=track_times,
[32m    564[39m                      fs_strategy=fs_strategy, fs_persist=fs_persist,
[32m    565[39m                      fs_threshold=fs_threshold, fs_page_size=fs_page_size)
[32m--> [39m[32m566[39m     fid = [43mmake_fid[49m[43m([49m[43mname[49m[43m,[49m[43m [49m[43mmode[49m[43m,[49m[43m [49m[43muserblock_size[49m[43m,[49m[43m [49m[43mfapl[49m[43m,[49m[43m [49m[43mfcpl[49m[43m,[49m[43m [49m[43mswmr[49m[43m=[49m[43mswmr[49m[43m)[49m
[32m    568[39m [38;5;28;01mif[39;00m [38;5;28misinstance[39m(libver, [38;5;28mtuple[39m):
[32m    569[39m     [38;5;28mself[39m._libver = libver

[36mFile [39m[32m~/miniconda3/envs/env_lisa_premerger_sangria/lib/python3.11/site-packages/h5py/_hl/files.py:241[39m, in [36mmake_fid[39m[34m(name, mode, userblock_size, fapl, fcpl, swmr)[39m
[32m    239[39m     [38;5;28;01mif[39;00m swmr [38;5;129;01mand[39;00m swmr_support:
[32m    240[39m         flags |= h5f.ACC_SWMR_READ
[32m--> [39m[32m241[39m     fid = [43mh5f[49m[43m.[49m[43mopen[49m[43m([49m[43mname[49m[43m,[49m[43m [49m[43mflags[49m[43m,[49m[43m [49m[43mfapl[49m[43m=[49m[43mfapl[49m[43m)[49m
[32m    242[39m [38;5;28;01melif[39;00m mode == [33m'[39m[33mr+[39m[33m'[39m:
[32m    243[39m     fid = h5f.open(name, h5f.ACC_RDWR, fapl=fapl)

[36mFile [39m[32mh5py/_objects.pyx:54[39m, in [36mh5py._objects.with_phil.wrapper[39m[34m()[39m

[36mFile [39m[32mh5py/_objects.pyx:55[39m, in [36mh5py._objects.with_phil.wrapper[39m[34m()[39m

[36mFile [39m[32mh5py/h5f.pyx:104[39m, in [36mh5py.h5f.open[39m[34m()[39m

[31mOSError[39m: Unable to synchronously open file (file signature not found)

