Traceback (most recent call last):
  File "/Users/gareth/miniconda3/envs/env_lisa_premerger_sangria/lib/python3.11/site-packages/jupyter_cache/executors/utils.py", line 58, in single_nb_execution
    executenb(
  File "/Users/gareth/miniconda3/envs/env_lisa_premerger_sangria/lib/python3.11/site-packages/nbclient/client.py", line 1323, in execute
    return NotebookClient(nb=nb, resources=resources, km=km, **kwargs).execute()
           ^^^^^^^^^^^^^^^^^^^^^^^^^^^^^^^^^^^^^^^^^^^^^^^^^^^^^^^^^^^^^^^^^^^^^
  File "/Users/gareth/miniconda3/envs/env_lisa_premerger_sangria/lib/python3.11/site-packages/jupyter_core/utils/__init__.py", line 165, in wrapped
    return loop.run_until_complete(inner)
           ^^^^^^^^^^^^^^^^^^^^^^^^^^^^^^
  File "/Users/gareth/miniconda3/envs/env_lisa_premerger_sangria/lib/python3.11/asyncio/base_events.py", line 654, in run_until_complete
    return future.result()
           ^^^^^^^^^^^^^^^
  File "/Users/gareth/miniconda3/envs/env_lisa_premerger_sangria/lib/python3.11/site-packages/nbclient/client.py", line 709, in async_execute
    await self.async_execute_cell(
  File "/Users/gareth/miniconda3/envs/env_lisa_premerger_sangria/lib/python3.11/site-packages/nbclient/client.py", line 1062, in async_execute_cell
    await self._check_raise_for_error(cell, cell_index, exec_reply)
  File "/Users/gareth/miniconda3/envs/env_lisa_premerger_sangria/lib/python3.11/site-packages/nbclient/client.py", line 918, in _check_raise_for_error
    raise CellExecutionError.from_cell_and_msg(cell, exec_reply_content)
nbclient.exceptions.CellExecutionError: An error occurred while executing the following cell:
------------------
for i, truth_time_s in enumerate(truth_times_s):
    fig_model, _ = plotting_utils.plot_around_time(
        results_one=results_model_raw,
        results_two=results_model_remove,
        signal_truth_time=truth_time_s,
        truth_times=truth_times_s,
        start_time_offset=-20,
        end_time_offset=20,
        times_before=times_before,
        signal_number=i,
        legend_loc='upper right' if i in [5,6,9,12,13] else 'upper left',
        alpha_one=0.4
    )
    fig_model.show()
    fig_model.savefig(f'plots/psd_model_signal_{i}_forecast.pdf')
------------------

----- stderr -----
/var/folders/yx/0n1z42tx6k708b0y58fxm9qc0000gp/T/ipykernel_70460/3308341902.py:14: UserWarning: FigureCanvasAgg is non-interactive, and thus cannot be shown
  fig_model.show()
------------------

[31m---------------------------------------------------------------------------[39m
[31mFileNotFoundError[39m                         Traceback (most recent call last)
[36mCell[39m[36m [39m[32mIn[9][39m[32m, line 15[39m
[32m      2[39m fig_model, _ = plotting_utils.plot_around_time(
[32m      3[39m     results_one=results_model_raw,
[32m      4[39m     results_two=results_model_remove,
[32m   (...)[39m[32m     12[39m     alpha_one=[32m0.4[39m
[32m     13[39m )
[32m     14[39m fig_model.show()
[32m---> [39m[32m15[39m [43mfig_model[49m[43m.[49m[43msavefig[49m[43m([49m[33;43mf[39;49m[33;43m'[39;49m[33;43mplots/psd_model_signal_[39;49m[38;5;132;43;01m{[39;49;00m[43mi[49m[38;5;132;43;01m}[39;49;00m[33;43m_forecast.pdf[39;49m[33;43m'[39;49m[43m)[49m

[36mFile [39m[32m~/miniconda3/envs/env_lisa_premerger_sangria/lib/python3.11/site-packages/matplotlib/figure.py:3490[39m, in [36mFigure.savefig[39m[34m(self, fname, transparent, **kwargs)[39m
[32m   3488[39m     [38;5;28;01mfor[39;00m ax [38;5;129;01min[39;00m [38;5;28mself[39m.axes:
[32m   3489[39m         _recursively_make_axes_transparent(stack, ax)
[32m-> [39m[32m3490[39m [38;5;28;43mself[39;49m[43m.[49m[43mcanvas[49m[43m.[49m[43mprint_figure[49m[43m([49m[43mfname[49m[43m,[49m[43m [49m[43m*[49m[43m*[49m[43mkwargs[49m[43m)[49m

[36mFile [39m[32m~/miniconda3/envs/env_lisa_premerger_sangria/lib/python3.11/site-packages/matplotlib/backend_bases.py:2186[39m, in [36mFigureCanvasBase.print_figure[39m[34m(self, filename, dpi, facecolor, edgecolor, orientation, format, bbox_inches, pad_inches, bbox_extra_artists, backend, **kwargs)[39m
[32m   2182[39m [38;5;28;01mtry[39;00m:
[32m   2183[39m     [38;5;66;03m# _get_renderer may change the figure dpi (as vector formats[39;00m
[32m   2184[39m     [38;5;66;03m# force the figure dpi to 72), so we need to set it again here.[39;00m
[32m   2185[39m     [38;5;28;01mwith[39;00m cbook._setattr_cm([38;5;28mself[39m.figure, dpi=dpi):
[32m-> [39m[32m2186[39m         result = [43mprint_method[49m[43m([49m
[32m   2187[39m [43m            [49m[43mfilename[49m[43m,[49m
[32m   2188[39m [43m            [49m[43mfacecolor[49m[43m=[49m[43mfacecolor[49m[43m,[49m
[32m   2189[39m [43m            [49m[43medgecolor[49m[43m=[49m[43medgecolor[49m[43m,[49m
[32m   2190[39m [43m            [49m[43morientation[49m[43m=[49m[43morientation[49m[43m,[49m
[32m   2191[39m [43m            [49m[43mbbox_inches_restore[49m[43m=[49m[43m_bbox_inches_restore[49m[43m,[49m
[32m   2192[39m [43m            [49m[43m*[49m[43m*[49m[43mkwargs[49m[43m)[49m
[32m   2193[39m [38;5;28;01mfinally[39;00m:
[32m   2194[39m     [38;5;28;01mif[39;00m bbox_inches [38;5;129;01mand[39;00m restore_bbox:

[36mFile [39m[32m~/miniconda3/envs/env_lisa_premerger_sangria/lib/python3.11/site-packages/matplotlib/backend_bases.py:2042[39m, in [36mFigureCanvasBase._switch_canvas_and_return_print_method.<locals>.<lambda>[39m[34m(*args, **kwargs)[39m
[32m   2038[39m     optional_kws = {  [38;5;66;03m# Passed by print_figure for other renderers.[39;00m
[32m   2039[39m         [33m"[39m[33mdpi[39m[33m"[39m, [33m"[39m[33mfacecolor[39m[33m"[39m, [33m"[39m[33medgecolor[39m[33m"[39m, [33m"[39m[33morientation[39m[33m"[39m,
[32m   2040[39m         [33m"[39m[33mbbox_inches_restore[39m[33m"[39m}
[32m   2041[39m     skip = optional_kws - {*inspect.signature(meth).parameters}
[32m-> [39m[32m2042[39m     print_method = functools.wraps(meth)([38;5;28;01mlambda[39;00m *args, **kwargs: [43mmeth[49m[43m([49m
[32m   2043[39m [43m        [49m[43m*[49m[43margs[49m[43m,[49m[43m [49m[43m*[49m[43m*[49m[43m{[49m[43mk[49m[43m:[49m[43m [49m[43mv[49m[43m [49m[38;5;28;43;01mfor[39;49;00m[43m [49m[43mk[49m[43m,[49m[43m [49m[43mv[49m[43m [49m[38;5;129;43;01min[39;49;00m[43m [49m[43mkwargs[49m[43m.[49m[43mitems[49m[43m([49m[43m)[49m[43m [49m[38;5;28;43;01mif[39;49;00m[43m [49m[43mk[49m[43m [49m[38;5;129;43;01mnot[39;49;00m[43m [49m[38;5;129;43;01min[39;49;00m[43m [49m[43mskip[49m[43m}[49m[43m)[49m)
[32m   2044[39m [38;5;28;01melse[39;00m:  [38;5;66;03m# Let third-parties do as they see fit.[39;00m
[32m   2045[39m     print_method = meth

[36mFile [39m[32m~/miniconda3/envs/env_lisa_premerger_sangria/lib/python3.11/site-packages/matplotlib/backends/backend_pdf.py:2779[39m, in [36mFigureCanvasPdf.print_pdf[39m[34m(self, filename, bbox_inches_restore, metadata)[39m
[32m   2777[39m     file = filename._ensure_file()
[32m   2778[39m [38;5;28;01melse[39;00m:
[32m-> [39m[32m2779[39m     file = [43mPdfFile[49m[43m([49m[43mfilename[49m[43m,[49m[43m [49m[43mmetadata[49m[43m=[49m[43mmetadata[49m[43m)[49m
[32m   2780[39m [38;5;28;01mtry[39;00m:
[32m   2781[39m     file.newPage(width, height)

[36mFile [39m[32m~/miniconda3/envs/env_lisa_premerger_sangria/lib/python3.11/site-packages/matplotlib/backends/backend_pdf.py:687[39m, in [36mPdfFile.__init__[39m[34m(self, filename, metadata)[39m
[32m    685[39m [38;5;28mself[39m.original_file_like = [38;5;28;01mNone[39;00m
[32m    686[39m [38;5;28mself[39m.tell_base = [32m0[39m
[32m--> [39m[32m687[39m fh, opened = [43mcbook[49m[43m.[49m[43mto_filehandle[49m[43m([49m[43mfilename[49m[43m,[49m[43m [49m[33;43m"[39;49m[33;43mwb[39;49m[33;43m"[39;49m[43m,[49m[43m [49m[43mreturn_opened[49m[43m=[49m[38;5;28;43;01mTrue[39;49;00m[43m)[49m
[32m    688[39m [38;5;28;01mif[39;00m [38;5;129;01mnot[39;00m opened:
[32m    689[39m     [38;5;28;01mtry[39;00m:

[36mFile [39m[32m~/miniconda3/envs/env_lisa_premerger_sangria/lib/python3.11/site-packages/matplotlib/cbook.py:546[39m, in [36mto_filehandle[39m[34m(fname, flag, return_opened, encoding)[39m
[32m    544[39m         fh = bz2.BZ2File(fname, flag)
[32m    545[39m     [38;5;28;01melse[39;00m:
[32m--> [39m[32m546[39m         fh = [38;5;28;43mopen[39;49m[43m([49m[43mfname[49m[43m,[49m[43m [49m[43mflag[49m[43m,[49m[43m [49m[43mencoding[49m[43m=[49m[43mencoding[49m[43m)[49m
[32m    547[39m     opened = [38;5;28;01mTrue[39;00m
[32m    548[39m [38;5;28;01melif[39;00m [38;5;28mhasattr[39m(fname, [33m'[39m[33mseek[39m[33m'[39m):

[31mFileNotFoundError[39m: [Errno 2] No such file or directory: 'plots/psd_model_signal_0_forecast.pdf'

