Traceback (most recent call last):
  File "/Users/gareth/miniconda3/envs/env_lisa_premerger/lib/python3.10/site-packages/jupyter_cache/executors/utils.py", line 58, in single_nb_execution
    executenb(
  File "/Users/gareth/miniconda3/envs/env_lisa_premerger/lib/python3.10/site-packages/nbclient/client.py", line 1323, in execute
    return NotebookClient(nb=nb, resources=resources, km=km, **kwargs).execute()
  File "/Users/gareth/miniconda3/envs/env_lisa_premerger/lib/python3.10/site-packages/jupyter_core/utils/__init__.py", line 165, in wrapped
    return loop.run_until_complete(inner)
  File "/Users/gareth/miniconda3/envs/env_lisa_premerger/lib/python3.10/asyncio/base_events.py", line 649, in run_until_complete
    return future.result()
  File "/Users/gareth/miniconda3/envs/env_lisa_premerger/lib/python3.10/site-packages/nbclient/client.py", line 709, in async_execute
    await self.async_execute_cell(
  File "/Users/gareth/miniconda3/envs/env_lisa_premerger/lib/python3.10/site-packages/nbclient/client.py", line 1062, in async_execute_cell
    await self._check_raise_for_error(cell, cell_index, exec_reply)
  File "/Users/gareth/miniconda3/envs/env_lisa_premerger/lib/python3.10/site-packages/nbclient/client.py", line 918, in _check_raise_for_error
    raise CellExecutionError.from_cell_and_msg(cell, exec_reply_content)
nbclient.exceptions.CellExecutionError: An error occurred while executing the following cell:
------------------
import pycbc
import copy
import json
import numpy as np

from pycbc.psd.lisa_pre_merger import generate_pre_merger_psds

from pycbc.waveform.pre_merger_waveform import (
    pre_process_data_lisa_pre_merger,
    generate_waveform_lisa_pre_merger,
)

import inpainting_utils
from utils import get_snr_series

from matplotlib import pyplot as plt
plt.style.use('../../paper.mplstyle')
------------------


[0;31m---------------------------------------------------------------------------[0m
[0;31mModuleNotFoundError[0m                       Traceback (most recent call last)
Cell [0;32mIn[1], line 1[0m
[0;32m----> 1[0m [38;5;28;01mimport[39;00m[38;5;250m [39m[38;5;21;01mpycbc[39;00m
[1;32m      2[0m [38;5;28;01mimport[39;00m[38;5;250m [39m[38;5;21;01mcopy[39;00m
[1;32m      3[0m [38;5;28;01mimport[39;00m[38;5;250m [39m[38;5;21;01mjson[39;00m

[0;31mModuleNotFoundError[0m: No module named 'pycbc'

