Traceback (most recent call last):
  File "/Users/gareth/miniconda3/envs/env_lisa_premerger/lib/python3.10/site-packages/jupyter_cache/executors/utils.py", line 58, in single_nb_execution
    executenb(
  File "/Users/gareth/miniconda3/envs/env_lisa_premerger/lib/python3.10/site-packages/nbclient/client.py", line 1323, in execute
    return NotebookClient(nb=nb, resources=resources, km=km, **kwargs).execute()
  File "/Users/gareth/miniconda3/envs/env_lisa_premerger/lib/python3.10/site-packages/jupyter_core/utils/__init__.py", line 165, in wrapped
    return loop.run_until_complete(inner)
  File "/Users/gareth/miniconda3/envs/env_lisa_premerger/lib/python3.10/asyncio/base_events.py", line 649, in run_until_complete
    return future.result()
  File "/Users/gareth/miniconda3/envs/env_lisa_premerger/lib/python3.10/site-packages/nbclient/client.py", line 709, in async_execute
    await self.async_execute_cell(
  File "/Users/gareth/miniconda3/envs/env_lisa_premerger/lib/python3.10/site-packages/nbclient/client.py", line 1062, in async_execute_cell
    await self._check_raise_for_error(cell, cell_index, exec_reply)
  File "/Users/gareth/miniconda3/envs/env_lisa_premerger/lib/python3.10/site-packages/nbclient/client.py", line 918, in _check_raise_for_error
    raise CellExecutionError.from_cell_and_msg(cell, exec_reply_content)
nbclient.exceptions.CellExecutionError: An error occurred while executing the following cell:
------------------
# This stuff only actually gets used in this cell:

from matplotlib import pyplot as plt

# Use the style file defined in the repository route
plt.style.use('../../paper.mplstyle')

# This is the folder where results plots will be saved:
paper_plots_dir = '../../paper/images/inpainting_results'

# The common and plotting utils modules are in the parent
# `search` directory
# Here we add the `search` directory to the python path so we can
# do a local import

import sys
import os

parent_dir = os.path.abspath("..")

if parent_dir not in sys.path:
    sys.path.insert(0, parent_dir)


# Everything plotted in this notebook is done using these helper modules
import plotting_utils
from common_utils import get_results_inpainting as get_results, get_results_zero_latency
------------------


[0;31m---------------------------------------------------------------------------[0m
[0;31mModuleNotFoundError[0m                       Traceback (most recent call last)
Cell [0;32mIn[1], line 27[0m
[1;32m     25[0m [38;5;66;03m# Everything plotted in this notebook is done using these helper modules[39;00m
[1;32m     26[0m [38;5;28;01mimport[39;00m[38;5;250m [39m[38;5;21;01mplotting_utils[39;00m
[0;32m---> 27[0m [38;5;28;01mfrom[39;00m[38;5;250m [39m[38;5;21;01mcommon_utils[39;00m[38;5;250m [39m[38;5;28;01mimport[39;00m get_results_inpainting [38;5;28;01mas[39;00m get_results, get_results_zero_latency

File [0;32m~/lisa/lisa_premerger_sangria/search/common_utils.py:6[0m
[1;32m      4[0m [38;5;28;01mimport[39;00m[38;5;250m [39m[38;5;21;01mnumpy[39;00m[38;5;250m [39m[38;5;28;01mas[39;00m[38;5;250m [39m[38;5;21;01mnp[39;00m
[1;32m      5[0m [38;5;28;01mimport[39;00m[38;5;250m [39m[38;5;21;01mldc[39;00m[38;5;21;01m.[39;00m[38;5;21;01mio[39;00m[38;5;21;01m.[39;00m[38;5;21;01mhdf5[39;00m[38;5;250m [39m[38;5;28;01mas[39;00m[38;5;250m [39m[38;5;21;01mhdfio[39;00m
[0;32m----> 6[0m [38;5;28;01mfrom[39;00m[38;5;250m [39m[38;5;21;01mpycbc[39;00m[38;5;21;01m.[39;00m[38;5;21;01mtypes[39;00m[38;5;250m [39m[38;5;28;01mimport[39;00m TimeSeries
[1;32m      7[0m [38;5;28;01mfrom[39;00m[38;5;250m [39m[38;5;21;01mldc[39;00m[38;5;21;01m.[39;00m[38;5;21;01mwaveform[39;00m[38;5;21;01m.[39;00m[38;5;21;01mlisabeta[39;00m[38;5;250m [39m[38;5;28;01mimport[39;00m FastBHB
[1;32m      8[0m [38;5;28;01mfrom[39;00m[38;5;250m [39m[38;5;21;01mldc[39;00m[38;5;21;01m.[39;00m[38;5;21;01mlisa[39;00m[38;5;250m [39m[38;5;28;01mimport[39;00m orbits

[0;31mModuleNotFoundError[0m: No module named 'pycbc'

